[05.09.2026 17:33:22] Main started!
Main: Application.Run cagriliyor
MainForm constructor: InitializeComponent basliyor
MainForm constructor: InitializeComponent bitti
MainForm constructor: StartServer basliyor
MainForm constructor: StartServer bitti
[05.09.2026 17:33:46] Main started!
Main: Application.Run cagriliyor
MainForm constructor: InitializeComponent basliyor
MainForm constructor: InitializeComponent bitti
MainForm constructor: StartServer basliyor
MainForm constructor: StartServer bitti
[05.09.2026 17:43:06] Main started!
Main: Application.Run cagriliyor
MainForm constructor: InitializeComponent basliyor
MainForm constructor: InitializeComponent bitti
MainForm constructor: StartServer basliyor
MainForm constructor: StartServer bitti
[05.09.2026 22:02:46] Main started!
Main: Application.Run cagriliyor
MainForm constructor: InitializeComponent basliyor
MainForm constructor: InitializeComponent bitti
MainForm constructor: StartServer basliyor
MainForm constructor: StartServer bitti
